
> client@0.1.0 build
> next build

node.exe : ΓÜá Warning: Next.js inferred your workspace root, but it may not be correct.
At line:1 char:1
+ & "C:\Program Files\nodejs/node.exe" "C:\Users\lions\AppData\Roaming\ ...
+ ~~~~~~~~~~~~~~~~~~~~~~~~~~~~~~~~~~~~~~~~~~~~~~~~~~~~~~~~~~~~~~~~~~~~~
    + CategoryInfo          : NotSpecified: (ΓÜá Warning: Ne...not be correct.:String) [] 
   , RemoteException
    + FullyQualifiedErrorId : NativeCommandError
 
 We detected multiple lockfiles and selected the directory of 
C:\Users\lions\package-lock.json as the root directory.
 To silence this warning, set `turbopack.root` in your Next.js config, or consider 
removing one of the lockfiles if it's not needed.
   See 
https://nextjs.org/docs/app/api-reference/config/next-config-js/turbopack#root-directory 
for more information.
 Detected additional lockfiles: 
   * C:\Users\lions\Desktop\projects\AuthX\client\package-lock.json

Γû▓ Next.js 16.1.6 (Turbopack)
- Environments: .env.local

  Creating an optimized production build ...
Γ£ô Compiled successfully in 3.5s
  Running TypeScript ...
Failed to compile.

./app/dashboard/applications/[id]/replacement.tsx:2:5
Type error: Cannot find name 'activeTab'.

[0m [90m 1 |[39m {
[31m[1m>[22m[39m[90m 2 |[39m     activeTab [33m===[39m [32m"overview"[39m 
[33m&&[39m (
 [90m   |[39m     [31m[1m^[22m[39m
 [90m 3 |[39m         [33m<[39m[33mdiv[39m className[33m=[39m[32m"grid gap-6 
md:grid-cols-2 lg:grid-cols-4 whitespace-normal"[39m[33m>[39m
 [90m 4 |[39m             [33m<[39m[33mCard[39m className[33m=[39m[32m"relative 
overflow-hidden group border-none bg-gradient-to-br from-blue-500/10 to-blue-500/5 
shadow-none ring-1 ring-blue-500/20"[39m[33m>[39m
 [90m 5 |[39m                 [33m<[39m[33mdiv[39m 
className[33m=[39m[32m"absolute -right-4 -top-4 h-24 w-24 rounded-full bg-blue-500/10 
blur-2xl transition-all group-hover:bg-blue-500/20"[39m [33m/[39m[33m>[39m[0m
Next.js build worker exited with code: 1 and signal: null
