
> client@0.1.0 build
> next build

node.exe : ΓÜá Warning: Next.js 
inferred your workspace root, but it 
may not be correct.
At line:1 char:1
+ & "C:\Program 
Files\nodejs/node.exe" 
"C:\Users\lions\AppData\Roaming\ ...
+ ~~~~~~~~~~~~~~~~~~~~~~~~~~~~~~~~~~~
~~~~~~~~~~~~~~~~~~~~~~~~~~~~~~~~~~
    + CategoryInfo          : NotSpe 
   cified: (ΓÜá Warning: Ne...not b  
  e correct.:String) [], RemoteExc   
 eption
    + FullyQualifiedErrorId : Native 
   CommandError
 
 We detected multiple lockfiles and 
selected the directory of 
C:\Users\lions\package-lock.json as 
the root directory.
 To silence this warning, set 
`turbopack.root` in your Next.js 
config, or consider removing one of 
the lockfiles if it's not needed.
   See https://nextjs.org/docs/app/ap
i-reference/config/next-config-js/tur
bopack#root-directory for more 
information.
 Detected additional lockfiles: 
   * C:\Users\lions\Desktop\projects\
AuthX\client\package-lock.json

Γû▓ Next.js 16.1.6 (Turbopack)
- Environments: .env.local

  Creating an optimized production build ...
Γ£ô Compiled successfully in 10.4s
  Running TypeScript ...
Failed to compile.

./app/status/page.tsx:323:25
Type error: Type '{ hidden: { 
opacity: number; y: number; }; show: 
{ opacity: number; y: number; 
transition: { duration: number; 
ease: string; }; }; }' is not 
assignable to type 'Variants'.
  Property 'show' is incompatible 
with index signature.
    Type '{ opacity: number; y: 
number; transition: { duration: 
number; ease: string; }; }' is not 
assignable to type 'Variant'.
      Type '{ opacity: number; y: 
number; transition: { duration: 
number; ease: string; }; }' is not 
assignable to type 
'TargetAndTransition'.
        Type '{ opacity: number; y: 
number; transition: { duration: 
number; ease: string; }; }' is not 
assignable to type '{ transition?: 
Transition<any> | undefined; 
transitionEnd?: ResolvedValues$1 | 
undefined; }'.
          Types of property 
'transition' are incompatible.
            Type '{ duration: 
number; ease: string; }' is not 
assignable to type 'Transition<any> 
| undefined'.
              Type '{ duration: 
number; ease: string; }' is not 
assignable to type 
'TransitionWithValueOverrides<any>'.
                Type '{ duration: 
number; ease: string; }' is not 
assignable to type 
'ValueAnimationTransition<any>'.
                  Types of property 
'ease' are incompatible.
                    Type 'string' is 
not assignable to type 'Easing | 
Easing[] | undefined'.

[0m [90m 321 |[39m                
     {[90m/* Global Status Banner 
*/[39m}
 [90m 322 |[39m                    
 [33m<[39m[33mmotion[39m[33m.[3
9mdiv
[31m[1m>[22m[39m[90m 323 |[39m 
                        
variants[33m=[39m{itemVariants}
 [90m     |[39m                    
     [31m[1m^[22m[39m
 [90m 324 |[39m                    
     className[33m=[39m{cn(
 [90m 325 |[39m                    
         [32m"p-6 md:p-8 
rounded-2xl border transition-colors 
duration-500 flex flex-col 
sm:flex-row items-start 
sm:items-center justify-between 
gap-6 overflow-hidden relative 
group"[39m[33m,[39m
 [90m 326 |[39m                    
         globalStatusConfig[globalSta
tus][33m.[39mbg[33m,[39m[0m
Next.js build worker exited with 
code: 1 and signal: null
